[{"stream_name":"stderr","time":6.38491104,"data":"/usr/local/lib/python3.12/dist-packages/nbformat/__init__.py:96: MissingIDFieldWarning: Cell is missing an id field, this will become a hard error in future nbformat versions. You may want to use `normalize()` on your notebooks before validations (available since nbformat 5.1.4). Previous versions of nbformat are fixing this issue transparently, and will stop doing so in the future.\n"}
,{"stream_name":"stderr","time":6.3849893810000005,"data":"  validate(nb)\n"}
,{"stream_name":"stderr","time":7.363894975,"data":"0.00s - Debugger warning: It seems that frozen modules are being used, which may\n"}
,{"stream_name":"stderr","time":7.3639355349999995,"data":"0.00s - make the debugger miss breakpoints. Please pass -Xfrozen_modules=off\n"}
,{"stream_name":"stderr","time":7.363939175,"data":"0.00s - to python to disable frozen modules.\n"}
,{"stream_name":"stderr","time":7.363941655,"data":"0.00s - Note: Debugging will proceed. Set PYDEVD_DISABLE_FILE_VALIDATION=1 to disable this validation.\n"}
,{"stream_name":"stderr","time":7.968417824,"data":"0.00s - Debugger warning: It seems that frozen modules are being used, which may\n"}
,{"stream_name":"stderr","time":7.968459684,"data":"0.00s - make the debugger miss breakpoints. Please pass -Xfrozen_modules=off\n"}
,{"stream_name":"stderr","time":7.968464634,"data":"0.00s - to python to disable frozen modules.\n"}
,{"stream_name":"stderr","time":7.968468404,"data":"0.00s - Note: Debugging will proceed. Set PYDEVD_DISABLE_FILE_VALIDATION=1 to disable this validation.\n"}
,{"stream_name":"stderr","time":9.423767816,"data":"Traceback (most recent call last):\n"}
,{"stream_name":"stderr","time":9.423796976,"data":"  File \"\u003cstring\u003e\", line 1, in \u003cmodule\u003e\n"}
,{"stream_name":"stderr","time":9.423802565999999,"data":"  File \"/usr/local/lib/python3.12/dist-packages/papermill/execute.py\", line 131, in execute_notebook\n"}
,{"stream_name":"stderr","time":9.423885066,"data":"    raise_for_execution_errors(nb, output_path)\n"}
,{"stream_name":"stderr","time":9.423905426,"data":"  File \"/usr/local/lib/python3.12/dist-packages/papermill/execute.py\", line 251, in raise_for_execution_errors\n"}
,{"stream_name":"stderr","time":9.424079146,"data":"    raise error\n"}
,{"stream_name":"stderr","time":9.424089136,"data":"papermill.exceptions.PapermillExecutionError: \n"}
,{"stream_name":"stderr","time":9.424092876,"data":"---------------------------------------------------------------------------\n"}
,{"stream_name":"stderr","time":9.424096976,"data":"Exception encountered at \"In [1]\":\n"}
,{"stream_name":"stderr","time":9.424100306,"data":"---------------------------------------------------------------------------\n"}
,{"stream_name":"stderr","time":9.424103886,"data":"FileNotFoundError                         Traceback (most recent call last)\n"}
,{"stream_name":"stderr","time":9.424107476,"data":"/tmp/ipykernel_16/421337733.py in \u003ccell line: 0\u003e()\n"}
,{"stream_name":"stderr","time":9.424111316,"data":"      1 import runpy\n"}
,{"stream_name":"stderr","time":9.424114826,"data":"----\u003e 2 runpy.run_path('train_v2_clip_lora.py', run_name='__main__')\n"}
,{"stream_name":"stderr","time":9.424118216,"data":"\n"}
,{"stream_name":"stderr","time":9.424121206,"data":"/usr/lib/python3.12/runpy.py in run_path(path_name, init_globals, run_name)\n"}
,{"stream_name":"stderr","time":9.424124586,"data":"\n"}
,{"stream_name":"stderr","time":9.424127796,"data":"/usr/lib/python3.12/runpy.py in _get_code_from_file(fname)\n"}
,{"stream_name":"stderr","time":9.424130936,"data":"\n"}
,{"stream_name":"stderr","time":9.424134166,"data":"FileNotFoundError: [Errno 2] No such file or directory: '/kaggle/working/train_v2_clip_lora.py'\n"}
,{"stream_name":"stderr","time":9.424151286,"data":"\n"}
,{"stream_name":"stderr","time":11.804070863,"data":"/usr/local/lib/python3.12/dist-packages/mistune.py:435: SyntaxWarning: invalid escape sequence '\\|'\n"}
,{"stream_name":"stderr","time":11.804113213,"data":"  cells[i][c] = re.sub('\\\\\\\\\\|', '|', cell)\n"}
,{"stream_name":"stderr","time":11.964678678,"data":"/usr/local/lib/python3.12/dist-packages/nbconvert/filters/filter_links.py:36: SyntaxWarning: invalid escape sequence '\\_'\n"}
,{"stream_name":"stderr","time":11.964706908,"data":"  text = re.sub(r'_', '\\_', text) # Escape underscores in display text\n"}
,{"stream_name":"stderr","time":12.618954614,"data":"[NbConvertApp] Converting notebook __notebook__.ipynb to notebook\n"}
,{"stream_name":"stderr","time":12.890902477000001,"data":"[NbConvertApp] Writing 3377 bytes to __notebook__.ipynb\n"}
,{"stream_name":"stderr","time":15.335833638,"data":"[NbConvertApp] Converting notebook __notebook__.ipynb to html\n"}
,{"stream_name":"stderr","time":16.123306766,"data":"[NbConvertApp] Writing 274916 bytes to __results__.html\n"}
]