Looking in links: /kaggle/input/v2-clip-lora-pip-bundle
Processing /kaggle/input/v2-clip-lora-pip-bundle/open_clip_torch-3.3.0-py3-none-any.whl
Processing /kaggle/input/v2-clip-lora-pip-bundle/ftfy-6.3.1-py3-none-any.whl
Requirement already satisfied: regex in /usr/local/lib/python3.12/dist-packages (2025.11.3)
Requirement already satisfied: safetensors in /usr/local/lib/python3.12/dist-packages (0.7.0)
Requirement already satisfied: timm in /usr/local/lib/python3.12/dist-packages (1.0.26)
Requirement already satisfied: huggingface_hub in /usr/local/lib/python3.12/dist-packages (1.11.0)
Requirement already satisfied: torch>=2.0 in /usr/local/lib/python3.12/dist-packages (from open-clip-torch==3.3.0) (2.10.0+cpu)
Requirement already satisfied: torchvision in /usr/local/lib/python3.12/dist-packages (from open-clip-torch==3.3.0) (0.25.0+cpu)
Requirement already satisfied: tqdm in /usr/local/lib/python3.12/dist-packages (from open-clip-torch==3.3.0) (4.67.3)
Requirement already satisfied: wcwidth in /usr/local/lib/python3.12/dist-packages (from ftfy) (0.6.0)
Requirement already satisfied: pyyaml in /usr/local/lib/python3.12/dist-packages (from timm) (6.0.3)
Requirement already satisfied: filelock>=3.10.0 in /usr/local/lib/python3.12/dist-packages (from huggingface_hub) (3.29.0)
Requirement already satisfied: fsspec>=2023.5.0 in /usr/local/lib/python3.12/dist-packages (from huggingface_hub) (2025.3.0)
Requirement already satisfied: hf-xet<2.0.0,>=1.4.3 in /usr/local/lib/python3.12/dist-packages (from huggingface_hub) (1.4.3)
Requirement already satisfied: httpx<1,>=0.23.0 in /usr/local/lib/python3.12/dist-packages (from huggingface_hub) (0.28.1)
Requirement already satisfied: packaging>=20.9 in /usr/local/lib/python3.12/dist-packages (from huggingface_hub) (26.1)
Requirement already satisfied: typer in /usr/local/lib/python3.12/dist-packages (from huggingface_hub) (0.24.2)
Requirement already satisfied: typing-extensions>=4.1.0 in /usr/local/lib/python3.12/dist-packages (from huggingface_hub) (4.15.0)
Requirement already satisfied: anyio in /usr/local/lib/python3.12/dist-packages (from httpx<1,>=0.23.0->huggingface_hub) (4.13.0)
Requirement already satisfied: certifi in /usr/local/lib/python3.12/dist-packages (from httpx<1,>=0.23.0->huggingface_hub) (2026.4.22)
Requirement already satisfied: httpcore==1.* in /usr/local/lib/python3.12/dist-packages (from httpx<1,>=0.23.0->huggingface_hub) (1.0.9)
Requirement already satisfied: idna in /usr/local/lib/python3.12/dist-packages (from httpx<1,>=0.23.0->huggingface_hub) (3.13)
Requirement already satisfied: h11>=0.16 in /usr/local/lib/python3.12/dist-packages (from httpcore==1.*->httpx<1,>=0.23.0->huggingface_hub) (0.16.0)
Requirement already satisfied: setuptools in /usr/local/lib/python3.12/dist-packages (from torch>=2.0->open-clip-torch==3.3.0) (81.0.0)
Requirement already satisfied: sympy>=1.13.3 in /usr/local/lib/python3.12/dist-packages (from torch>=2.0->open-clip-torch==3.3.0) (1.14.0)
Requirement already satisfied: networkx>=2.5.1 in /usr/local/lib/python3.12/dist-packages (from torch>=2.0->open-clip-torch==3.3.0) (3.6.1)
Requirement already satisfied: jinja2 in /usr/local/lib/python3.12/dist-packages (from torch>=2.0->open-clip-torch==3.3.0) (3.1.6)
Requirement already satisfied: numpy in /usr/local/lib/python3.12/dist-packages (from torchvision->open-clip-torch==3.3.0) (2.0.2)
Requirement already satisfied: pillow!=8.3.*,>=5.3.0 in /usr/local/lib/python3.12/dist-packages (from torchvision->open-clip-torch==3.3.0) (11.3.0)
Requirement already satisfied: click>=8.2.1 in /usr/local/lib/python3.12/dist-packages (from typer->huggingface_hub) (8.3.3)
Requirement already satisfied: shellingham>=1.3.0 in /usr/local/lib/python3.12/dist-packages (from typer->huggingface_hub) (1.5.4)
Requirement already satisfied: rich>=12.3.0 in /usr/local/lib/python3.12/dist-packages (from typer->huggingface_hub) (13.9.4)
Requirement already satisfied: annotated-doc>=0.0.2 in /usr/local/lib/python3.12/dist-packages (from typer->huggingface_hub) (0.0.4)
Requirement already satisfied: markdown-it-py>=2.2.0 in /usr/local/lib/python3.12/dist-packages (from rich>=12.3.0->typer->huggingface_hub) (4.0.0)
Requirement already satisfied: pygments<3.0.0,>=2.13.0 in /usr/local/lib/python3.12/dist-packages (from rich>=12.3.0->typer->huggingface_hub) (2.20.0)
Requirement already satisfied: mpmath<1.4,>=1.1.0 in /usr/local/lib/python3.12/dist-packages (from sympy>=1.13.3->torch>=2.0->open-clip-torch==3.3.0) (1.3.0)
Requirement already satisfied: MarkupSafe>=2.0 in /usr/local/lib/python3.12/dist-packages (from jinja2->torch>=2.0->open-clip-torch==3.3.0) (3.0.3)
Requirement already satisfied: mdurl~=0.1 in /usr/local/lib/python3.12/dist-packages (from markdown-it-py>=2.2.0->rich>=12.3.0->typer->huggingface_hub) (0.1.2)
Installing collected packages: ftfy, open-clip-torch
Successfully installed ftfy-6.3.1 open-clip-torch-3.3.0

